V3 3
FL C:/Users/ASUS/Desktop/multiplier/multi/multi.vhd 2022/01/11.21:02:40 P.20131013
EN work/multi 1641922634 FL C:/Users/ASUS/Desktop/multiplier/multi/multi.vhd \
      PB ieee/std_logic_1164 1381692176 PB ieee/STD_LOGIC_UNSIGNED 1381692179
AR work/multi/Behavioral 1641922635 \
      FL C:/Users/ASUS/Desktop/multiplier/multi/multi.vhd EN work/multi 1641922634
